Component: ARM Compiler 5.06 update 5 (build 528) Tool: armlink [4d35e2]

==============================================================================

Section Cross References

    source.o(RESET) refers to source.o(SRAM1) for Stack_Top
    source.o(RESET) refers to source.o(PROGRAM) for Start_Init


==============================================================================

Image Symbol Table

    Local Symbols

    Symbol Name                              Value     Ov Type        Size  Object(Section)

    Source.s                                 0x00000000   Number         0  source.o ABSOLUTE
    RESET                                    0x08000000   Section      392  source.o(RESET)
    PROGRAM                                  0x08000188   Section      148  source.o(PROGRAM)
    $v0                                      0x08000188   Number         0  source.o(PROGRAM)
    Start_Init                               0x08000189   Thumb Code     0  source.o(PROGRAM)
    FPU_IRQHandler                           0x08000209   Thumb Code     0  source.o(PROGRAM)
    SRAM1                                    0x20000000   Section     1024  source.o(SRAM1)
    Stack_Top                                0x20000400   Data           0  source.o(SRAM1)

    Global Symbols

    Symbol Name                              Value     Ov Type        Size  Object(Section)

    BuildAttributes$$THM_ISAv4$E$P$D$K$B$S$7EM$VFPi3$EXTD16$VFPS$VFMA$PE$A:L22UL41UL21$X:L11$S22US41US21$IEEE1$IW$USESV6$~STKCKD$USESV7$~SHL$OSPACE$EBA8$STANDARDLIB$PRES8$EABIv2 0x00000000   Number         0  anon$$obj.o ABSOLUTE



==============================================================================

Memory Map of the image

  Image Entry point : 0x08000189

  Load Region LR_IROM1 (Base: 0x08000000, Size: 0x0000021c, Max: 0x00100000, ABSOLUTE)

    Execution Region ER_IROM1 (Exec base: 0x08000000, Load base: 0x08000000, Size: 0x0000021c, Max: 0x00100000, ABSOLUTE)

    Exec Addr    Load Addr    Size         Type   Attr      Idx    E Section Name        Object

    0x08000000   0x08000000   0x00000188   Data   RO            2    RESET               source.o
    0x08000188   0x08000188   0x00000094   Code   RO            3  * PROGRAM             source.o


    Execution Region RW_IRAM1 (Exec base: 0x20000000, Load base: 0x0800021c, Size: 0x00000400, Max: 0x00020000, ABSOLUTE)

    Exec Addr    Load Addr    Size         Type   Attr      Idx    E Section Name        Object

    0x20000000        -       0x00000400   Zero   RW            1    SRAM1               source.o


==============================================================================

Image component sizes


      Code (inc. data)   RO Data    RW Data    ZI Data      Debug   Object Name

       148         18        392          0       1024        264   source.o

    ----------------------------------------------------------------------
       148         18        392          0       1024        264   Object Totals
         0          0          0          0          0          0   (incl. Generated)
         0          0          0          0          0          0   (incl. Padding)

    ----------------------------------------------------------------------
         0          0          0          0          0          0   Library Totals
         0          0          0          0          0          0   (incl. Padding)

    ----------------------------------------------------------------------

==============================================================================


      Code (inc. data)   RO Data    RW Data    ZI Data      Debug   

       148         18        392          0       1024        264   Grand Totals
       148         18        392          0       1024        264   ELF Image Totals
       148         18        392          0          0          0   ROM Totals

==============================================================================

    Total RO  Size (Code + RO Data)                  540 (   0.53kB)
    Total RW  Size (RW Data + ZI Data)              1024 (   1.00kB)
    Total ROM Size (Code + RO Data + RW Data)        540 (   0.53kB)

==============================================================================

