Component: ARM Compiler 5.06 update 5 (build 528) Tool: armlink [4d35e2]

==============================================================================

Section Cross References

    source.o(RESET) refers to source.o(SRAM1) for Stack_Top
    source.o(RESET) refers to source.o(PROGRAM) for Start_Init


==============================================================================

Image Symbol Table

    Local Symbols

    Symbol Name                              Value     Ov Type        Size  Object(Section)

    Source.s                                 0x00000000   Number         0  source.o ABSOLUTE
    RESET                                    0x08000000   Section       92  source.o(RESET)
    PROGRAM                                  0x0800005c   Section      188  source.o(PROGRAM)
    $v0                                      0x0800005c   Number         0  source.o(PROGRAM)
    Start_Init                               0x0800005d   Thumb Code     0  source.o(PROGRAM)
    EXTI0_IRQHandler                         0x08000097   Thumb Code     0  source.o(PROGRAM)
    SRAM1                                    0x20000000   Section     1280  source.o(SRAM1)
    Stack_Top                                0x20000500   Data           0  source.o(SRAM1)

    Global Symbols

    Symbol Name                              Value     Ov Type        Size  Object(Section)

    BuildAttributes$$THM_ISAv4$E$P$D$K$B$S$7EM$VFPi3$EXTD16$VFPS$VFMA$PE$A:L22UL41UL21$X:L11$S22US41US21$IEEE1$IW$USESV6$~STKCKD$USESV7$~SHL$OSPACE$EBA8$STANDARDLIB$PRES8$EABIv2 0x00000000   Number         0  anon$$obj.o ABSOLUTE



==============================================================================

Memory Map of the image

  Image Entry point : 0x0800005d

  Load Region LR_IROM1 (Base: 0x08000000, Size: 0x00000118, Max: 0x00100000, ABSOLUTE)

    Execution Region ER_IROM1 (Exec base: 0x08000000, Load base: 0x08000000, Size: 0x00000118, Max: 0x00100000, ABSOLUTE)

    Exec Addr    Load Addr    Size         Type   Attr      Idx    E Section Name        Object

    0x08000000   0x08000000   0x0000005c   Data   RO            2    RESET               source.o
    0x0800005c   0x0800005c   0x000000bc   Code   RO            3  * PROGRAM             source.o


    Execution Region RW_IRAM1 (Exec base: 0x20000000, Load base: 0x08000118, Size: 0x00000500, Max: 0x00020000, ABSOLUTE)

    Exec Addr    Load Addr    Size         Type   Attr      Idx    E Section Name        Object

    0x20000000        -       0x00000500   Zero   RW            1    SRAM1               source.o


==============================================================================

Image component sizes


      Code (inc. data)   RO Data    RW Data    ZI Data      Debug   Object Name

       188         18         92          0       1280        272   source.o

    ----------------------------------------------------------------------
       188         18         92          0       1280        272   Object Totals
         0          0          0          0          0          0   (incl. Generated)
         0          0          0          0          0          0   (incl. Padding)

    ----------------------------------------------------------------------
         0          0          0          0          0          0   Library Totals
         0          0          0          0          0          0   (incl. Padding)

    ----------------------------------------------------------------------

==============================================================================


      Code (inc. data)   RO Data    RW Data    ZI Data      Debug   

       188         18         92          0       1280        272   Grand Totals
       188         18         92          0       1280        272   ELF Image Totals
       188         18         92          0          0          0   ROM Totals

==============================================================================

    Total RO  Size (Code + RO Data)                  280 (   0.27kB)
    Total RW  Size (RW Data + ZI Data)              1280 (   1.25kB)
    Total ROM Size (Code + RO Data + RW Data)        280 (   0.27kB)

==============================================================================

