<!doctype html public "-//w3c//dtd html 4.0 transitional//en">
<html><head>
<title>Static Call Graph - [.\Objects\Lab_1.axf]</title></head>
<body><HR>
<H1>Static Call Graph for image .\Objects\Lab_1.axf</H1><HR>
<BR><P>#&#060CALLGRAPH&#062# ARM Linker, 5060528: Last Updated: Mon Sep 26 13:23:06 2022
<BR><P>
<H3>Maximum Stack Usage =          0 bytes + Unknown(Functions without stacksize, Untraceable Function Pointers)</H3><H3>
Call chain for Maximum Stack Depth:</H3>

<P>
<H3>
Functions with no stack information
</H3><UL>
 <LI><a href="#[1]">Start_Init</a>
</UL>
</UL>
<P>
<H3>
Function Pointers
</H3><UL>
 <LI><a href="#[1]">Start_Init</a> from lab_1_source.o(PROGRAM) referenced from lab_1_source.o(RESET)
</UL>
<P>
<H3>
Global Symbols
</H3><P>
<H3>
Local Symbols
</H3>
<P><STRONG><a name="[1]"></a>Start_Init</STRONG> (Thumb, 0 bytes, Stack size unknown bytes, lab_1_source.o(PROGRAM))
<P>
<H3>
Undefined Global Symbols
</H3><HR></body></html>
