<!doctype html public "-//w3c//dtd html 4.0 transitional//en">
<html><head>
<title>Static Call Graph - [.\Objects\Nechaev_Buben_lab5_31_10_22.axf]</title></head>
<body><HR>
<H1>Static Call Graph for image .\Objects\Nechaev_Buben_lab5_31_10_22.axf</H1><HR>
<BR><P>#&#060CALLGRAPH&#062# ARM Linker, 5060528: Last Updated: Mon Nov 07 15:58:39 2022
<BR><P>
<H3>Maximum Stack Usage =          0 bytes + Unknown(Functions without stacksize, Untraceable Function Pointers)</H3><H3>
Call chain for Maximum Stack Depth:</H3>

<P>
<H3>
Functions with no stack information
</H3><UL>
 <LI><a href="#[0]">Start_Init</a>
 <LI><a href="#[1]">NMI_IRQHandler</a>
</UL>
</UL>
<P>
<H3>
Function Pointers
</H3><UL>
 <LI><a href="#[1]">NMI_IRQHandler</a> from source.o(PROGRAM) referenced from source.o(RESET)
 <LI><a href="#[0]">Start_Init</a> from source.o(PROGRAM) referenced from source.o(RESET)
</UL>
<P>
<H3>
Global Symbols
</H3><P>
<H3>
Local Symbols
</H3>
<P><STRONG><a name="[0]"></a>Start_Init</STRONG> (Thumb, 0 bytes, Stack size unknown bytes, source.o(PROGRAM))
<BR>[Address Reference Count : 1]<UL><LI> source.o(RESET)
</UL>
<P><STRONG><a name="[1]"></a>NMI_IRQHandler</STRONG> (Thumb, 0 bytes, Stack size unknown bytes, source.o(PROGRAM))
<BR>[Address Reference Count : 1]<UL><LI> source.o(RESET)
</UL><P>
<H3>
Undefined Global Symbols
</H3><HR></body></html>
