Component: ARM Compiler 5.06 update 5 (build 528) Tool: armlink [4d35e2]

==============================================================================

Section Cross References

    lab_1_source.o(RESET) refers to lab_1_source.o(SRAM1) for Stack_Top
    lab_1_source.o(RESET) refers to lab_1_source.o(PROGRAM) for Start_Init


==============================================================================

Image Symbol Table

    Local Symbols

    Symbol Name                              Value     Ov Type        Size  Object(Section)

    Lab_1_Source.s                           0x00000000   Number         0  lab_1_source.o ABSOLUTE
    RESET                                    0x08000000   Section        8  lab_1_source.o(RESET)
    PROGRAM                                  0x08000008   Section      160  lab_1_source.o(PROGRAM)
    $v0                                      0x08000008   Number         0  lab_1_source.o(PROGRAM)
    Start_Init                               0x08000009   Thumb Code     0  lab_1_source.o(PROGRAM)
    SRAM1                                    0x20000000   Section     1024  lab_1_source.o(SRAM1)
    Stack_Top                                0x20000400   Data           0  lab_1_source.o(SRAM1)

    Global Symbols

    Symbol Name                              Value     Ov Type        Size  Object(Section)

    BuildAttributes$$THM_ISAv4$E$P$D$K$B$S$7EM$VFPi3$EXTD16$VFPS$VFMA$PE$A:L22UL41UL21$X:L11$S22US41US21$IEEE1$IW$USESV6$~STKCKD$USESV7$~SHL$OSPACE$EBA8$STANDARDLIB$EABIv2 0x00000000   Number         0  anon$$obj.o ABSOLUTE



==============================================================================

Memory Map of the image

  Image Entry point : 0x08000009

  Load Region LR_IROM1 (Base: 0x08000000, Size: 0x000000a8, Max: 0x00100000, ABSOLUTE)

    Execution Region ER_IROM1 (Exec base: 0x08000000, Load base: 0x08000000, Size: 0x000000a8, Max: 0x00100000, ABSOLUTE)

    Exec Addr    Load Addr    Size         Type   Attr      Idx    E Section Name        Object

    0x08000000   0x08000000   0x00000008   Data   RO            2    RESET               lab_1_source.o
    0x08000008   0x08000008   0x000000a0   Code   RO            3  * PROGRAM             lab_1_source.o


    Execution Region RW_IRAM1 (Exec base: 0x20000000, Load base: 0x080000a8, Size: 0x00000400, Max: 0x00020000, ABSOLUTE)

    Exec Addr    Load Addr    Size         Type   Attr      Idx    E Section Name        Object

    0x20000000        -       0x00000400   Zero   RW            1    SRAM1               lab_1_source.o


==============================================================================

Image component sizes


      Code (inc. data)   RO Data    RW Data    ZI Data      Debug   Object Name

       160          0          8          0       1024        284   lab_1_source.o

    ----------------------------------------------------------------------
       160          0          8          0       1024        284   Object Totals
         0          0          0          0          0          0   (incl. Generated)
         0          0          0          0          0          0   (incl. Padding)

    ----------------------------------------------------------------------
         0          0          0          0          0          0   Library Totals
         0          0          0          0          0          0   (incl. Padding)

    ----------------------------------------------------------------------

==============================================================================


      Code (inc. data)   RO Data    RW Data    ZI Data      Debug   

       160          0          8          0       1024        284   Grand Totals
       160          0          8          0       1024        284   ELF Image Totals
       160          0          8          0          0          0   ROM Totals

==============================================================================

    Total RO  Size (Code + RO Data)                  168 (   0.16kB)
    Total RW  Size (RW Data + ZI Data)              1024 (   1.00kB)
    Total ROM Size (Code + RO Data + RW Data)        168 (   0.16kB)

==============================================================================

